
COMMAND:

Run new image from one container:
Ubuntu-OS@Username:~/../../AcDocker$ docker run -it ubuntu
Or:
Ubuntu-OS@Username:~/../../AcDocker$ docker run -it react-app

Start again a image from CONTAINER ID:
Ubuntu-OS@Username:~/../../AcDocker$ docker start -i id-container
root@id-container:/# 


Ubuntu-OS@Username:~/../../AcDocker$ docker exec -it -u Kimia 42ae5050631c bash
RESULT:
Kimia@ID-Docker:/$ 


if you want access to /etc/shadow this is Result:
Kimia@ID-Docker:/$ cat /etc/shadow
cat: /etc/shadow: Permission denied
Kimia@ID-Docker:/$ 


Images and Containers:
...


Dockerfile Instructions:
-FROM
-WORKDIR
-COPY
-ADD
-RUN
-ENV
-EXPOSE
-USER
-CMD
-ENTRYPOINT


Choosing the Right Base Image:
1- In theproject build Dockerfile
2- FROM (base-image)sample in https://docs.docker.com/samples/